// Vitest Snapshot v1, https://vitest.dev/guide/snapshot.html

exports[`unit:internal/wrap > should return escape sequence 1`] = `"[0m"`;
