// Vitest Snapshot v1, https://vitest.dev/guide/snapshot.html

exports[`unit:internal/ANSI_PATTERN > should be pattern matching ansi escape codes 1`] = `"[\\u001B\\u009B][[\\]()#;?]*(?:(?:(?:(?:;[-a-zA-Z\\d\\/#&.:=?%@~_]+)*|[a-zA-Z\\d]+(?:;[-a-zA-Z\\d\\/#&.:=?%@~_]*)*)?\\u0007)|(?:(?:\\d{1,4}(?:;\\d{0,4})*)?[\\dA-PR-TZcf-nq-uy=><~]))"`;
