// Vitest Snapshot v1, https://vitest.dev/guide/snapshot.html

exports[`e2e:colors > should expose public api 1`] = `
[
  "colors",
  "default",
  "createColors",
  "isColorSupported",
  "stripAnsi",
]
`;
