// Vitest Snapshot v1, https://vitest.dev/guide/snapshot.html

exports[`unit:internal/bool > should return \`value\` as boolean ("0", null) 1`] = `false`;

exports[`unit:internal/bool > should return \`value\` as boolean (3, ["1","2","3"]) 1`] = `true`;

exports[`unit:internal/bool > should return \`value\` as boolean (true, null) 1`] = `true`;
